[package]
name = "trait_sandbox"
version = "0.1.0"
edition = "2024"

[dependencies]

[lib]
name = "trait_sandbox"
path = "src/lib.rs"